// Jest Snapshot v1, https://goo.gl/fbAQLP

exports[`Sidebar component creates a sidebar 1`] = `
<nav
  className="sidebar"
/>
`;
